"1","2e4437ce-7a91-40a8-997a-69d8d18afefb"
"20","9af071f2-d1eb-448a-936b-16cbe370763a"
"300","8f57927d-f437-4868-af1c-2b4706fa1d28"
"4000","066c93c2-c535-466a-ad90-c38f039e6287"
"50000","be0f9a11-5c7c-4de8-9f04-cbc4a879ac31"
