"Europe","3","{""PartitionKey"":""Europe"",""RowKey"":""3"",""name"":""Jacob"",""height"":""182"",""Timestamp"":""***""}"
