"1","00001"
"20","00020"
"300","00300"
"4000","04000"
"50000","50000"
