{"maxIncrementalKey":"string","maxIncrementalValue":"50000","maxIncrementalValueType":"Edm.String"}
