{"maxIncrementalKey":"int32","maxIncrementalValue":50000,"maxIncrementalValueType":"Edm.Int32"}
