"1","1.2"
"20","20.5"
"300","50000.8"
"4000","4000.3"
"50000","300.9"
