"Europe","1","{""PartitionKey"":""Europe"",""RowKey"":""1"",""name"":""John"",""age"":14,""Timestamp"":""***""}"
"Europe","2","{""PartitionKey"":""Europe"",""RowKey"":""2"",""name"":""Jacob"",""age"":25,""Timestamp"":""***""}"
"Europe","3","{""PartitionKey"":""Europe"",""RowKey"":""3"",""name"":""Elizabeth"",""age"":17,""Timestamp"":""***""}"
