{"maxIncrementalKey":"double","maxIncrementalValue":50000.8,"maxIncrementalValueType":"Edm.Double"}
