{"maxIncrementalKey":"int64","maxIncrementalValue":"100","maxIncrementalValueType":"Edm.Int64"}
