{"maxIncrementalKey":"RowKey","maxIncrementalValue":"4","maxIncrementalValueType":"Edm.String"}
