"20","9af071f2-d1eb-448a-936b-16cbe370763a"
"50000","be0f9a11-5c7c-4de8-9f04-cbc4a879ac31"
