{"maxIncrementalKey":"datetime","maxIncrementalValue":"2018-09-15T23:14:25.0000000Z","maxIncrementalValueType":"Edm.DateTime"}
