"1","50000"
"20","4000"
"300","300"
"4000","20"
"50000","1"
