"1","10"
"20","20"
"300","100"
"4000","40"
"50000","30"
