{"maxIncrementalValue":"5","maxIncrementalValueType":"Edm.String"}
