"1","2014-09-15T23:14:25.0000000Z"
"20","2016-09-15T23:14:25.0000000Z"
"300","2015-09-15T23:14:25.0000000Z"
"4000","2017-09-15T23:14:25.0000000Z"
"50000","2018-09-15T23:14:25.0000000Z"
