"1","John","14",""
"2","Jacob","25",""
"3","Elizabeth","17",""
"4","Michael","27",""
