{"maxIncrementalKey":"height","maxIncrementalValue":"182","maxIncrementalValueType":"Edm.Int64"}
