{"maxIncrementalKey":"guid","maxIncrementalValue":"be0f9a11-5c7c-4de8-9f04-cbc4a879ac31","maxIncrementalValueType":"Edm.Guid"}
